-- workspace_symbol --
symbols/main.go:60:6-10 main.dunk Function
