-- summary --
CallHierarchyCount = 2
CodeLensCount = 5
CompletionsCount = 263
CompletionSnippetCount = 106
UnimportedCompletionsCount = 5
DeepCompletionsCount = 5
FuzzyCompletionsCount = 8
RankedCompletionsCount = 164
CaseSensitiveCompletionsCount = 4
DiagnosticsCount = 39
FoldingRangesCount = 2
FormatCount = 6
ImportCount = 8
SemanticTokenCount = 3
SuggestedFixCount = 63
FunctionExtractionCount = 27
MethodExtractionCount = 6
DefinitionsCount = 99
TypeDefinitionsCount = 18
HighlightsCount = 69
InlayHintsCount = 4
ReferencesCount = 27
RenamesCount = 41
PrepareRenamesCount = 7
SymbolsCount = 1
WorkspaceSymbolsCount = 20
SignaturesCount = 33
LinksCount = 7
ImplementationsCount = 14

