package noresult

func hello[T any]() {
	var z T
	return // want `no result values expected|too many return values`
}
