-- suggestedfix_literals_6_2 --
package missingfunction

type T struct{}

func literals() {
	undefinedLiterals("hey compiler", T{}, &T{}) //@suggestedfix("undefinedLiterals", "quickfix", "")
}

func undefinedLiterals(s string, t1 T, t2 *T) {
	panic("unimplemented")
}

