-- suggestedfix_operation_6_2 --
package missingfunction

import "time"

func operation() {
	undefinedOperation(10 * time.Second) //@suggestedfix("undefinedOperation", "quickfix", "")
}

func undefinedOperation(duration time.Duration) {
	panic("unimplemented")
}

