-- workspace_symbol --
workspacesymbol/a/a.go:3:5-29 WorkspaceSymbolVariableA Variable
workspacesymbol/a/a.go:8:2-27 workspacesymbolinvariable Constant
workspacesymbol/b/b.go:3:5-29 WorkspaceSymbolVariableB Variable
workspacesymbol/b/b.go:5:6-28 WorkspaceSymbolStructB Struct
