-- summary --
CallHierarchyCount = 2
CodeLensCount = 5
CompletionsCount = 264
CompletionSnippetCount = 95
UnimportedCompletionsCount = 5
DeepCompletionsCount = 5
FuzzyCompletionsCount = 8
RankedCompletionsCount = 166
CaseSensitiveCompletionsCount = 4
DiagnosticsCount = 37
FoldingRangesCount = 2
FormatCount = 6
ImportCount = 8
SemanticTokenCount = 3
SuggestedFixCount = 40
FunctionExtractionCount = 18
DefinitionsCount = 95
TypeDefinitionsCount = 18
HighlightsCount = 69
ReferencesCount = 25
RenamesCount = 33
PrepareRenamesCount = 7
SymbolsCount = 5
WorkspaceSymbolsCount = 20
SignaturesCount = 32
LinksCount = 7
ImplementationsCount = 14

