package a

//go:fix inline
func f(x, y int) int { // want f:`goFixInline a.f`
	return y + x
}

func g() {
	_ = 2 + 1 // want `Call of a.f should be inlined`

	f(h(1), h(2))
}

func h(int) int
